(base)
peter@DESKTOP-09O1VNP MINGW64 ~/FinTech_Workspace
$ conda activate dev
(dev)
peter@DESKTOP-09O1VNP MINGW64 ~/FinTech_Workspace
$ git clone https://github.com/plefebvre1/module_5_challenge.git
Cloning into 'module_5_challenge'...
remote: Enumerating objects: 4, done.
remote: Counting objects: 100% (4/4), done.
remote: Compressing objects: 100% (4/4), done.
remote: Total 4 (delta 0), reused 0 (delta 0), pack-reused 0
Receiving objects: 100% (4/4), done.
(dev)
peter@DESKTOP-09O1VNP MINGW64 ~/FinTech_Workspace
$ git status
fatal: not a git repository (or any of the parent directories): .git
(dev)
peter@DESKTOP-09O1VNP MINGW64 ~/FinTech_Workspace
$ cd module_5_challenge/
(dev)
peter@DESKTOP-09O1VNP MINGW64 ~/FinTech_Workspace/module_5_challenge (main)
$ git status
On branch main
Your branch is up to date with 'origin/main'.

Untracked files:
  (use "git add <file>..." to include in what will be committed)
        Images/
        MCForecastTools.py
        SAMPLE.env
        financial_planning_tools.ipynb

nothing added to commit but untracked files present (use "git add" to track)
(dev)
peter@DESKTOP-09O1VNP MINGW64 ~/FinTech_Workspace/module_5_challenge (main)
$ git add -A
warning: CRLF will be replaced by LF in MCForecastTools.py.
The file will have its original line endings in your working directory
warning: CRLF will be replaced by LF in SAMPLE.env.
The file will have its original line endings in your working directory
(dev)
peter@DESKTOP-09O1VNP MINGW64 ~/FinTech_Workspace/module_5_challenge (main)
$ git status
On branch main
Your branch is up to date with 'origin/main'.

Changes to be committed:
  (use "git restore --staged <file>..." to unstage)
        new file:   Images/5-4-monte-carlo-histogram.png
        new file:   Images/5-4-monte-carlo-line-plot.png
        new file:   MCForecastTools.py
        new file:   SAMPLE.env
        new file:   financial_planning_tools.ipynb

(dev)
peter@DESKTOP-09O1VNP MINGW64 ~/FinTech_Workspace/module_5_challenge (main)
$ git commit -m 'Initial Starter Code'
[main 73d5701] Initial Starter Code
 5 files changed, 1141 insertions(+)
 create mode 100644 Images/5-4-monte-carlo-histogram.png
 create mode 100644 Images/5-4-monte-carlo-line-plot.png
 create mode 100644 MCForecastTools.py
 create mode 100644 SAMPLE.env
 create mode 100644 financial_planning_tools.ipynb
(dev)
peter@DESKTOP-09O1VNP MINGW64 ~/FinTech_Workspace/module_5_challenge (main)
$ git push
Enumerating objects: 9, done.
Counting objects: 100% (9/9), done.
Delta compression using up to 8 threads
Compressing objects: 100% (8/8), done.
Writing objects: 100% (8/8), 392.45 KiB | 23.08 MiB/s, done.
Total 8 (delta 0), reused 0 (delta 0), pack-reused 0
To https://github.com/plefebvre1/module_5_challenge.git
   78aade9..73d5701  main -> main
(dev)
peter@DESKTOP-09O1VNP MINGW64 ~/FinTech_Workspace/module_5_challenge (main)
$ git status
On branch main
Your branch is up to date with 'origin/main'.

Changes not staged for commit:
  (use "git add/rm <file>..." to update what will be committed)
  (use "git restore <file>..." to discard changes in working directory)
        deleted:    SAMPLE.env
        modified:   financial_planning_tools.ipynb

no changes added to commit (use "git add" and/or "git commit -a")
(dev)
peter@DESKTOP-09O1VNP MINGW64 ~/FinTech_Workspace/module_5_challenge (main)
$ git add -A
(dev)
peter@DESKTOP-09O1VNP MINGW64 ~/FinTech_Workspace/module_5_challenge (main)
$ git status
On branch main
Your branch is up to date with 'origin/main'.

Changes to be committed:
  (use "git restore --staged <file>..." to unstage)
        deleted:    SAMPLE.env
        modified:   financial_planning_tools.ipynb

(dev)
peter@DESKTOP-09O1VNP MINGW64 ~/FinTech_Workspace/module_5_challenge (main)
$ git commit -m "Crypto wallet evaluated to get current balance"
[main 3a07a81] Crypto wallet evaluated to get current balance
 2 files changed, 178 insertions(+), 49 deletions(-)
 delete mode 100644 SAMPLE.env
(dev)
peter@DESKTOP-09O1VNP MINGW64 ~/FinTech_Workspace/module_5_challenge (main)
$ git push
Enumerating objects: 5, done.
Counting objects: 100% (5/5), done.
Delta compression using up to 8 threads
Compressing objects: 100% (3/3), done.
Writing objects: 100% (3/3), 1.62 KiB | 1.62 MiB/s, done.
Total 3 (delta 2), reused 0 (delta 0), pack-reused 0
remote: Resolving deltas: 100% (2/2), completed with 2 local objects.
To https://github.com/plefebvre1/module_5_challenge.git
   73d5701..3a07a81  main -> main
(dev)
peter@DESKTOP-09O1VNP MINGW64 ~/FinTech_Workspace/module_5_challenge (main)
$ git status
On branch main
Your branch is up to date with 'origin/main'.

Changes not staged for commit:
  (use "git add <file>..." to update what will be committed)
  (use "git restore <file>..." to discard changes in working directory)
        modified:   financial_planning_tools.ipynb

no changes added to commit (use "git add" and/or "git commit -a")
(dev)
peter@DESKTOP-09O1VNP MINGW64 ~/FinTech_Workspace/module_5_challenge (main)
$ git add financial_planning_tools.ipynb
(dev)
peter@DESKTOP-09O1VNP MINGW64 ~/FinTech_Workspace/module_5_challenge (main)
$ git commit -m 'Stock and bond portfolio evaluated'
[main 0c74b5e] Stock and bond portfolio evaluated
 1 file changed, 187 insertions(+), 41 deletions(-)
(dev)
peter@DESKTOP-09O1VNP MINGW64 ~/FinTech_Workspace/module_5_challenge (main)
$ git push
Enumerating objects: 5, done.
Counting objects: 100% (5/5), done.
Delta compression using up to 8 threads
Compressing objects: 100% (3/3), done.
Writing objects: 100% (3/3), 1.71 KiB | 1.71 MiB/s, done.
Total 3 (delta 2), reused 0 (delta 0), pack-reused 0
remote: Resolving deltas: 100% (2/2), completed with 2 local objects.
To https://github.com/plefebvre1/module_5_challenge.git
   3a07a81..0c74b5e  main -> main
(dev)
peter@DESKTOP-09O1VNP MINGW64 ~/FinTech_Workspace/module_5_challenge (main)
$ git status
On branch main
Your branch is up to date with 'origin/main'.

Changes not staged for commit:
  (use "git add <file>..." to update what will be committed)
  (use "git restore <file>..." to discard changes in working directory)
        modified:   financial_planning_tools.ipynb

no changes added to commit (use "git add" and/or "git commit -a")
(dev)
peter@DESKTOP-09O1VNP MINGW64 ~/FinTech_Workspace/module_5_challenge (main)
$ git add financial_planning_tools.ipynb
(dev)
peter@DESKTOP-09O1VNP MINGW64 ~/FinTech_Workspace/module_5_challenge (main)
$ git commit -m 'Emergency fund evaluated'
[main 8fd6f22] Emergency fund evaluated
 1 file changed, 149 insertions(+), 57 deletions(-)
(dev)
peter@DESKTOP-09O1VNP MINGW64 ~/FinTech_Workspace/module_5_challenge (main)
$ git push
Enumerating objects: 5, done.
Counting objects: 100% (5/5), done.
Delta compression using up to 8 threads
Compressing objects: 100% (3/3), done.
Writing objects: 100% (3/3), 14.31 KiB | 4.77 MiB/s, done.
Total 3 (delta 2), reused 0 (delta 0), pack-reused 0
remote: Resolving deltas: 100% (2/2), completed with 2 local objects.
To https://github.com/plefebvre1/module_5_challenge.git
   0c74b5e..8fd6f22  main -> main
(dev)
peter@DESKTOP-09O1VNP MINGW64 ~/FinTech_Workspace/module_5_challenge (main)
$ touch 'terminal_history.txt'
(dev)
peter@DESKTOP-09O1VNP MINGW64 ~/FinTech_Workspace/module_5_challenge (main)
$ ls
__pycache__/  financial_planning_tools.ipynb  Images/  MCForecastTools.py  README.md  terminal_history.txt
(dev)
peter@DESKTOP-09O1VNP MINGW64 ~/FinTech_Workspace/module_5_challenge (main)
$ git status
On branch main
Your branch is up to date with 'origin/main'.

Untracked files:
  (use "git add <file>..." to include in what will be committed)
        terminal_history.txt

nothing added to commit but untracked files present (use "git add" to track)
(dev)
peter@DESKTOP-09O1VNP MINGW64 ~/FinTech_Workspace/module_5_challenge (main)
$ git add terminal_history.txt
(dev)
peter@DESKTOP-09O1VNP MINGW64 ~/FinTech_Workspace/module_5_challenge (main)
$ git commit -m 'Terminal History initialized'
[main 753b5fc] Terminal History initialized
 1 file changed, 0 insertions(+), 0 deletions(-)
 create mode 100644 terminal_history.txt
(dev)
peter@DESKTOP-09O1VNP MINGW64 ~/FinTech_Workspace/module_5_challenge (main)
$ git push
Enumerating objects: 4, done.
Counting objects: 100% (4/4), done.
Delta compression using up to 8 threads
Compressing objects: 100% (2/2), done.
Writing objects: 100% (3/3), 297 bytes | 297.00 KiB/s, done.
Total 3 (delta 1), reused 0 (delta 0), pack-reused 0
remote: Resolving deltas: 100% (1/1), completed with 1 local object.
To https://github.com/plefebvre1/module_5_challenge.git
   8fd6f22..753b5fc  main -> main
(dev)
peter@DESKTOP-09O1VNP MINGW64 ~/FinTech_Workspace/module_5_challenge (main)
$ git status
On branch main
Your branch is up to date with 'origin/main'.

Changes not staged for commit:
  (use "git add <file>..." to update what will be committed)
  (use "git restore <file>..." to discard changes in working directory)
        modified:   financial_planning_tools.ipynb

no changes added to commit (use "git add" and/or "git commit -a")
(dev)
peter@DESKTOP-09O1VNP MINGW64 ~/FinTech_Workspace/module_5_challenge (main)
$ git add financial_planning_tools.ipynb
(dev)
peter@DESKTOP-09O1VNP MINGW64 ~/FinTech_Workspace/module_5_challenge (main)
$ git commit -m '30 year MC Simulation included'
[main f55c5bc] 30 year MC Simulation included
 1 file changed, 1075 insertions(+), 67 deletions(-)
(dev)
peter@DESKTOP-09O1VNP MINGW64 ~/FinTech_Workspace/module_5_challenge (main)
$ git push
Enumerating objects: 5, done.
Counting objects: 100% (5/5), done.
Delta compression using up to 8 threads
Compressing objects: 100% (3/3), done.
Writing objects: 100% (3/3), 79.03 KiB | 7.90 MiB/s, done.
Total 3 (delta 1), reused 0 (delta 0), pack-reused 0
remote: Resolving deltas: 100% (1/1), completed with 1 local object.
To https://github.com/plefebvre1/module_5_challenge.git
   753b5fc..f55c5bc  main -> main
(dev)
peter@DESKTOP-09O1VNP MINGW64 ~/FinTech_Workspace/module_5_challenge (main)
$ git status
On branch main
Your branch is up to date with 'origin/main'.

Changes not staged for commit:
  (use "git add <file>..." to update what will be committed)
  (use "git restore <file>..." to discard changes in working directory)
        modified:   financial_planning_tools.ipynb

no changes added to commit (use "git add" and/or "git commit -a")
(dev)
peter@DESKTOP-09O1VNP MINGW64 ~/FinTech_Workspace/module_5_challenge (main)
$ git add financial_planning_tools.ipynb
(dev)
peter@DESKTOP-09O1VNP MINGW64 ~/FinTech_Workspace/module_5_challenge (main)
$ git commit -m '10 year MC simulation included'
[main bb7edc9] 10 year MC simulation included
 1 file changed, 999 insertions(+), 309 deletions(-)
(dev)
peter@DESKTOP-09O1VNP MINGW64 ~/FinTech_Workspace/module_5_challenge (main)
$ git push
Enumerating objects: 5, done.
Counting objects: 100% (5/5), done.
Delta compression using up to 8 threads
Compressing objects: 100% (3/3), done.
Writing objects: 100% (3/3), 144.75 KiB | 16.08 MiB/s, done.
Total 3 (delta 1), reused 0 (delta 0), pack-reused 0
remote: Resolving deltas: 100% (1/1), completed with 1 local object.
To https://github.com/plefebvre1/module_5_challenge.git
   f55c5bc..bb7edc9  main -> main
(dev)
peter@DESKTOP-09O1VNP MINGW64 ~/FinTech_Workspace/module_5_challenge (main)
$

